================================================================
== Design Size Report
================================================================

* C-Synthesis has not completed!

* Total Instructions per Compilation Phase
+---------------+--------------------+--------------+----------------------------------------------------------------------------------+
| Phase         | Step               | Instructions | Description                                                                      |
+---------------+--------------------+--------------+----------------------------------------------------------------------------------+
| Compile/Link  |                    | 19,056       | After all functions are compiled and linked into a single design                 |
|               |                    |              |                                                                                  |
| Unroll/Inline |                    |              | After user unroll and inline pragmas are applied                                 |
|               | (1) unroll         | 98,815       | user unroll pragmas are applied                                                  |
|               | (2) simplification | 34,334       | simplification of applied user unroll pragmas                                    |
|               | (3) inline         | 34,080       | user inline pragmas are applied                                                  |
|               | (4) simplification | 33,922       | simplification of applied user inline pragmas                                    |
|               |                    |              |                                                                                  |
| Array/Struct  |                    | pending      | After user array partition and struct aggregate/disaggregate pragmas are applied |
| Performance   |                    |              | After transformations are applied to meet performance pragma targets             |
| HW Transforms |                    |              | After hardware transfomations                                                    |
+---------------+--------------------+--------------+----------------------------------------------------------------------------------+

* Instructions per Function for each Compilation Phase
+----------------------------+--------------------+-----------------+--------------------+
| Function                   | Location           | Compile/Link    | Unroll/Inline      |
+----------------------------+--------------------+-----------------+--------------------+
| + accelerator              | accelerator.cpp:58 | 19,056          | 33,922             |
|    Inference               | gim_model.h:58     |     6           |                    |
|  + model_array<16, 16>     | gim_model.h:83     | 7,148 (2 calls) | 25,412 (2 calls)   |
|     Array                  | gim_model.h:47     |    10 (2 calls) |                    |
|   + weights_pe             | weight_pe.cpp:5    | 2,700 (2 calls) | 15,872 (512 calls) |
|      Weight                | gim_model.h:29     |     8 (2 calls) |                    |
|   + bias_pe                | bias_pe.cpp:6      | 1,268 (2 calls) |   416 (32 calls)   |
|      Bias                  | gim_model.h:37     |     6 (2 calls) |                    |
|     act_pe                 | act_pe.cpp:4       | 1,164 (2 calls) |   416 (32 calls)   |
|     error_pe               | error_pe.cpp:5     | 1,150 (2 calls) |   416 (32 calls)   |
|  + model_array<16, 3>      | gim_model.h:83     | 7,148 (2 calls) | 5,230 (2 calls)    |
|     Array                  | gim_model.h:47     |    10 (2 calls) |                    |
|   + weights_pe             | weight_pe.cpp:5    | 2,700 (2 calls) | 2,976 (96 calls)   |
|      Weight                | gim_model.h:29     |     8 (2 calls) |                    |
|   + bias_pe                | bias_pe.cpp:6      | 1,268 (2 calls) |                    |
|      Bias                  | gim_model.h:37     |     6 (2 calls) |                    |
|     act_pe                 | act_pe.cpp:4       | 1,164 (2 calls) |                    |
|     error_pe               | error_pe.cpp:5     | 1,150 (2 calls) |   416 (32 calls)   |
|    softmax                 | accelerator.cpp:8  | 1,376           |   377              |
|    categoricalCrossEntropy | accelerator.cpp:41 |   539           |                    |
|  + calculate_accuracy      | accelerator.cpp:26 |    62           |                    |
|     setw                   | iomanip:225        |     6 (2 calls) |                    |
|     setprecision           | iomanip:195        |     3           |                    |
+----------------------------+--------------------+-----------------+--------------------+

* Design Size Message Settings
+---------------------------------------------+--------+------------------------------------------------------------------+
| Message Setting                             | Value  | Description                                                      |
+---------------------------------------------+--------+------------------------------------------------------------------+
| config_compile -design_size_maximum_warning | 100000 | Show a warning when total design instructions exceeds this value |
+---------------------------------------------+--------+------------------------------------------------------------------+


