#-----------------------------------------------------------
# Vivado v2024.1 (64-bit)
# SW Build 5076996 on Wed May 22 18:37:14 MDT 2024
# IP Build 5075265 on Wed May 22 21:45:21 MDT 2024
# SharedData Build 5076995 on Wed May 22 18:29:18 MDT 2024
# Start of session at: Fri Mar 21 12:19:52 2025
# Process ID: 22388
# Current directory: C:/Users/Dawso/GIM_Diabetes/digits_vectorized_fixed/hls_component/accelerator/hls/impl/ip
# Command line: vivado.exe -notrace -mode batch -source run_ippack.tcl
# Log file: C:/Users/Dawso/GIM_Diabetes/digits_vectorized_fixed/hls_component/accelerator/hls/impl/ip/vivado.log
# Journal file: C:/Users/Dawso/GIM_Diabetes/digits_vectorized_fixed/hls_component/accelerator/hls/impl/ip\vivado.jou
# Running On        :LAPTOP-DP0OJSK0
# Platform          :Windows Server 2016 or Windows 10
# Operating System  :26100
# Processor Detail  :AMD Ryzen 9 4900HS with Radeon Graphics         
# CPU Frequency     :2994 MHz
# CPU Physical cores:8
# CPU Logical cores :16
# Host memory       :16556 MB
# Swap memory       :16106 MB
# Total Virtual     :32662 MB
# Available Virtual :15064 MB
#-----------------------------------------------------------
source run_ippack.tcl -notrace
