

================================================================
== Vitis HLS Report for 'matmul_64ul_8ul_1ul_s'
================================================================
* Date:           Fri Mar 21 12:05:01 2025

* Version:        2024.1 (Build 5069499 on May 21 2024)
* Project:        accelerator
* Solution:       hls (Vivado IP Flow Target)
* Product family: zynquplus
* Target device:  xczu3eg-sfvc784-1-e


================================================================
== Performance Estimates
================================================================
+ Timing: 
    * Summary: 
    +--------+----------+----------+------------+
    |  Clock |  Target  | Estimated| Uncertainty|
    +--------+----------+----------+------------+
    |ap_clk  |  10.00 ns|  6.919 ns|     2.00 ns|
    +--------+----------+----------+------------+

+ Latency: 
    * Summary: 
    +---------+---------+----------+----------+-----+-----+---------+
    |  Latency (cycles) |  Latency (absolute) |  Interval | Pipeline|
    |   min   |   max   |    min   |    max   | min | max |   Type  |
    +---------+---------+----------+----------+-----+-----+---------+
    |      145|      145|  1.450 us|  1.450 us|  145|  145|       no|
    +---------+---------+----------+----------+-----+-----+---------+

    + Detail: 
        * Instance: 
        +----------------------------------------------------------+----------------------------------------------+---------+---------+----------+----------+-----+-----+-----------------------------------------------+
        |                                                          |                                              |  Latency (cycles) |  Latency (absolute) |  Interval |                    Pipeline                   |
        |                         Instance                         |                    Module                    |   min   |   max   |    min   |    max   | min | max |                      Type                     |
        +----------------------------------------------------------+----------------------------------------------+---------+---------+----------+----------+-----+-----+-----------------------------------------------+
        |grp_matmul_64ul_8ul_1ul_Pipeline_VITIS_LOOP_81_1_fu_4883  |matmul_64ul_8ul_1ul_Pipeline_VITIS_LOOP_81_1  |      112|      112|  1.120 us|  1.120 us|   65|   65|  loop auto-rewind stp(delay=0 clock cycles(s))|
        +----------------------------------------------------------+----------------------------------------------+---------+---------+----------+----------+-----+-----+-----------------------------------------------+

        * Loop: 
        N/A



================================================================
== Utilization Estimates
================================================================
* Summary: 
+-----------------+---------+-----+--------+-------+-----+
|       Name      | BRAM_18K| DSP |   FF   |  LUT  | URAM|
+-----------------+---------+-----+--------+-------+-----+
|DSP              |        -|    -|       -|      -|    -|
|Expression       |        -|    -|       -|      -|    -|
|FIFO             |        -|    -|       -|      -|    -|
|Instance         |        -|    -|    2220|   2507|    -|
|Memory           |        -|    -|       -|      -|    -|
|Multiplexer      |        -|    -|       0|    661|    -|
|Register         |        -|    -|      35|      -|    -|
+-----------------+---------+-----+--------+-------+-----+
|Total            |        0|    0|    2255|   3168|    0|
+-----------------+---------+-----+--------+-------+-----+
|Available        |      432|  360|  141120|  70560|    0|
+-----------------+---------+-----+--------+-------+-----+
|Utilization (%)  |        0|    0|       1|      4|    0|
+-----------------+---------+-----+--------+-------+-----+

+ Detail: 
    * Instance: 
    +----------------------------------------------------------+----------------------------------------------+---------+----+------+------+-----+
    |                         Instance                         |                    Module                    | BRAM_18K| DSP|  FF  |  LUT | URAM|
    +----------------------------------------------------------+----------------------------------------------+---------+----+------+------+-----+
    |grp_matmul_64ul_8ul_1ul_Pipeline_VITIS_LOOP_81_1_fu_4883  |matmul_64ul_8ul_1ul_Pipeline_VITIS_LOOP_81_1  |        0|   0|  2220|  2507|    0|
    +----------------------------------------------------------+----------------------------------------------+---------+----+------+------+-----+
    |Total                                                     |                                              |        0|   0|  2220|  2507|    0|
    +----------------------------------------------------------+----------------------------------------------+---------+----+------+------+-----+

    * DSP: 
    N/A

    * Memory: 
    N/A

    * FIFO: 
    N/A

    * Expression: 
    N/A

    * Multiplexer: 
    +-----------------------------+-----+-----------+-----+-----------+
    |             Name            | LUT | Input Size| Bits| Total Bits|
    +-----------------------------+-----+-----------+-----+-----------+
    |agg_result_0_address0        |    9|          2|    6|         12|
    |agg_result_0_address0_local  |  152|         33|    6|        198|
    |agg_result_0_address1        |    9|          2|    6|         12|
    |agg_result_0_address1_local  |  152|         33|    6|        198|
    |agg_result_0_ce0             |    9|          2|    1|          2|
    |agg_result_0_ce1             |    9|          2|    1|          2|
    |agg_result_0_d0              |    9|          2|   64|        128|
    |agg_result_0_we0             |    9|          2|    1|          2|
    |ap_NS_fsm                    |  159|         35|    1|         35|
    |grp_fu_8529_ce               |    9|          2|    1|          2|
    |grp_fu_8533_ce               |    9|          2|    1|          2|
    |grp_fu_8537_ce               |    9|          2|    1|          2|
    |grp_fu_8541_ce               |    9|          2|    1|          2|
    |grp_fu_8545_ce               |    9|          2|    1|          2|
    |grp_fu_8549_ce               |    9|          2|    1|          2|
    |grp_fu_8553_ce               |    9|          2|    1|          2|
    |grp_fu_8557_ce               |    9|          2|    1|          2|
    |grp_fu_8561_ce               |    9|          2|    1|          2|
    |grp_fu_8565_ce               |    9|          2|    1|          2|
    |grp_fu_8569_ce               |    9|          2|    1|          2|
    |grp_fu_8573_ce               |    9|          2|    1|          2|
    |grp_fu_8577_ce               |    9|          2|    1|          2|
    |grp_fu_8581_ce               |    9|          2|    1|          2|
    |grp_fu_8585_ce               |    9|          2|    1|          2|
    |grp_fu_8589_ce               |    9|          2|    1|          2|
    +-----------------------------+-----+-----------+-----+-----------+
    |Total                        |  661|        145|  108|        621|
    +-----------------------------+-----+-----------+-----+-----------+

    * Register: 
    +-----------------------------------------------------------------------+----+----+-----+-----------+
    |                                  Name                                 | FF | LUT| Bits| Const Bits|
    +-----------------------------------------------------------------------+----+----+-----+-----------+
    |ap_CS_fsm                                                              |  34|   0|   34|          0|
    |grp_matmul_64ul_8ul_1ul_Pipeline_VITIS_LOOP_81_1_fu_4883_ap_start_reg  |   1|   0|    1|          0|
    +-----------------------------------------------------------------------+----+----+-----+-----------+
    |Total                                                                  |  35|   0|   35|          0|
    +-----------------------------------------------------------------------+----+----+-----+-----------+



================================================================
== Interface
================================================================
* Summary: 
+-----------------------+-----+-----+------------+------------------------+--------------+
|       RTL Ports       | Dir | Bits|  Protocol  |      Source Object     |    C Type    |
+-----------------------+-----+-----+------------+------------------------+--------------+
|ap_clk                 |   in|    1|  ap_ctrl_hs|  matmul<64ul, 8ul, 1ul>|  return value|
|ap_rst                 |   in|    1|  ap_ctrl_hs|  matmul<64ul, 8ul, 1ul>|  return value|
|ap_start               |   in|    1|  ap_ctrl_hs|  matmul<64ul, 8ul, 1ul>|  return value|
|ap_done                |  out|    1|  ap_ctrl_hs|  matmul<64ul, 8ul, 1ul>|  return value|
|ap_idle                |  out|    1|  ap_ctrl_hs|  matmul<64ul, 8ul, 1ul>|  return value|
|ap_ready               |  out|    1|  ap_ctrl_hs|  matmul<64ul, 8ul, 1ul>|  return value|
|grp_fu_11560_p_din0    |  out|   64|  ap_ctrl_hs|  matmul<64ul, 8ul, 1ul>|  return value|
|grp_fu_11560_p_din1    |  out|   64|  ap_ctrl_hs|  matmul<64ul, 8ul, 1ul>|  return value|
|grp_fu_11560_p_opcode  |  out|    1|  ap_ctrl_hs|  matmul<64ul, 8ul, 1ul>|  return value|
|grp_fu_11560_p_dout0   |   in|   64|  ap_ctrl_hs|  matmul<64ul, 8ul, 1ul>|  return value|
|grp_fu_11560_p_ce      |  out|    1|  ap_ctrl_hs|  matmul<64ul, 8ul, 1ul>|  return value|
|grp_fu_11564_p_din0    |  out|   64|  ap_ctrl_hs|  matmul<64ul, 8ul, 1ul>|  return value|
|grp_fu_11564_p_din1    |  out|   64|  ap_ctrl_hs|  matmul<64ul, 8ul, 1ul>|  return value|
|grp_fu_11564_p_opcode  |  out|    1|  ap_ctrl_hs|  matmul<64ul, 8ul, 1ul>|  return value|
|grp_fu_11564_p_dout0   |   in|   64|  ap_ctrl_hs|  matmul<64ul, 8ul, 1ul>|  return value|
|grp_fu_11564_p_ce      |  out|    1|  ap_ctrl_hs|  matmul<64ul, 8ul, 1ul>|  return value|
|grp_fu_11568_p_din0    |  out|   64|  ap_ctrl_hs|  matmul<64ul, 8ul, 1ul>|  return value|
|grp_fu_11568_p_din1    |  out|   64|  ap_ctrl_hs|  matmul<64ul, 8ul, 1ul>|  return value|
|grp_fu_11568_p_opcode  |  out|    1|  ap_ctrl_hs|  matmul<64ul, 8ul, 1ul>|  return value|
|grp_fu_11568_p_dout0   |   in|   64|  ap_ctrl_hs|  matmul<64ul, 8ul, 1ul>|  return value|
|grp_fu_11568_p_ce      |  out|    1|  ap_ctrl_hs|  matmul<64ul, 8ul, 1ul>|  return value|
|grp_fu_11572_p_din0    |  out|   64|  ap_ctrl_hs|  matmul<64ul, 8ul, 1ul>|  return value|
|grp_fu_11572_p_din1    |  out|   64|  ap_ctrl_hs|  matmul<64ul, 8ul, 1ul>|  return value|
|grp_fu_11572_p_opcode  |  out|    1|  ap_ctrl_hs|  matmul<64ul, 8ul, 1ul>|  return value|
|grp_fu_11572_p_dout0   |   in|   64|  ap_ctrl_hs|  matmul<64ul, 8ul, 1ul>|  return value|
|grp_fu_11572_p_ce      |  out|    1|  ap_ctrl_hs|  matmul<64ul, 8ul, 1ul>|  return value|
|grp_fu_11576_p_din0    |  out|   64|  ap_ctrl_hs|  matmul<64ul, 8ul, 1ul>|  return value|
|grp_fu_11576_p_din1    |  out|   64|  ap_ctrl_hs|  matmul<64ul, 8ul, 1ul>|  return value|
|grp_fu_11576_p_opcode  |  out|    1|  ap_ctrl_hs|  matmul<64ul, 8ul, 1ul>|  return value|
|grp_fu_11576_p_dout0   |   in|   64|  ap_ctrl_hs|  matmul<64ul, 8ul, 1ul>|  return value|
|grp_fu_11576_p_ce      |  out|    1|  ap_ctrl_hs|  matmul<64ul, 8ul, 1ul>|  return value|
|grp_fu_11580_p_din0    |  out|   64|  ap_ctrl_hs|  matmul<64ul, 8ul, 1ul>|  return value|
|grp_fu_11580_p_din1    |  out|   64|  ap_ctrl_hs|  matmul<64ul, 8ul, 1ul>|  return value|
|grp_fu_11580_p_opcode  |  out|    1|  ap_ctrl_hs|  matmul<64ul, 8ul, 1ul>|  return value|
|grp_fu_11580_p_dout0   |   in|   64|  ap_ctrl_hs|  matmul<64ul, 8ul, 1ul>|  return value|
|grp_fu_11580_p_ce      |  out|    1|  ap_ctrl_hs|  matmul<64ul, 8ul, 1ul>|  return value|
|grp_fu_11584_p_din0    |  out|   64|  ap_ctrl_hs|  matmul<64ul, 8ul, 1ul>|  return value|
|grp_fu_11584_p_din1    |  out|   64|  ap_ctrl_hs|  matmul<64ul, 8ul, 1ul>|  return value|
|grp_fu_11584_p_opcode  |  out|    1|  ap_ctrl_hs|  matmul<64ul, 8ul, 1ul>|  return value|
|grp_fu_11584_p_dout0   |   in|   64|  ap_ctrl_hs|  matmul<64ul, 8ul, 1ul>|  return value|
|grp_fu_11584_p_ce      |  out|    1|  ap_ctrl_hs|  matmul<64ul, 8ul, 1ul>|  return value|
|grp_fu_11588_p_din0    |  out|   64|  ap_ctrl_hs|  matmul<64ul, 8ul, 1ul>|  return value|
|grp_fu_11588_p_din1    |  out|   64|  ap_ctrl_hs|  matmul<64ul, 8ul, 1ul>|  return value|
|grp_fu_11588_p_opcode  |  out|    1|  ap_ctrl_hs|  matmul<64ul, 8ul, 1ul>|  return value|
|grp_fu_11588_p_dout0   |   in|   64|  ap_ctrl_hs|  matmul<64ul, 8ul, 1ul>|  return value|
|grp_fu_11588_p_ce      |  out|    1|  ap_ctrl_hs|  matmul<64ul, 8ul, 1ul>|  return value|
|grp_fu_11592_p_din0    |  out|   64|  ap_ctrl_hs|  matmul<64ul, 8ul, 1ul>|  return value|
|grp_fu_11592_p_din1    |  out|   64|  ap_ctrl_hs|  matmul<64ul, 8ul, 1ul>|  return value|
|grp_fu_11592_p_dout0   |   in|   64|  ap_ctrl_hs|  matmul<64ul, 8ul, 1ul>|  return value|
|grp_fu_11592_p_ce      |  out|    1|  ap_ctrl_hs|  matmul<64ul, 8ul, 1ul>|  return value|
|grp_fu_11596_p_din0    |  out|   64|  ap_ctrl_hs|  matmul<64ul, 8ul, 1ul>|  return value|
|grp_fu_11596_p_din1    |  out|   64|  ap_ctrl_hs|  matmul<64ul, 8ul, 1ul>|  return value|
|grp_fu_11596_p_dout0   |   in|   64|  ap_ctrl_hs|  matmul<64ul, 8ul, 1ul>|  return value|
|grp_fu_11596_p_ce      |  out|    1|  ap_ctrl_hs|  matmul<64ul, 8ul, 1ul>|  return value|
|grp_fu_11600_p_din0    |  out|   64|  ap_ctrl_hs|  matmul<64ul, 8ul, 1ul>|  return value|
|grp_fu_11600_p_din1    |  out|   64|  ap_ctrl_hs|  matmul<64ul, 8ul, 1ul>|  return value|
|grp_fu_11600_p_dout0   |   in|   64|  ap_ctrl_hs|  matmul<64ul, 8ul, 1ul>|  return value|
|grp_fu_11600_p_ce      |  out|    1|  ap_ctrl_hs|  matmul<64ul, 8ul, 1ul>|  return value|
|grp_fu_11604_p_din0    |  out|   64|  ap_ctrl_hs|  matmul<64ul, 8ul, 1ul>|  return value|
|grp_fu_11604_p_din1    |  out|   64|  ap_ctrl_hs|  matmul<64ul, 8ul, 1ul>|  return value|
|grp_fu_11604_p_dout0   |   in|   64|  ap_ctrl_hs|  matmul<64ul, 8ul, 1ul>|  return value|
|grp_fu_11604_p_ce      |  out|    1|  ap_ctrl_hs|  matmul<64ul, 8ul, 1ul>|  return value|
|grp_fu_11608_p_din0    |  out|   64|  ap_ctrl_hs|  matmul<64ul, 8ul, 1ul>|  return value|
|grp_fu_11608_p_din1    |  out|   64|  ap_ctrl_hs|  matmul<64ul, 8ul, 1ul>|  return value|
|grp_fu_11608_p_dout0   |   in|   64|  ap_ctrl_hs|  matmul<64ul, 8ul, 1ul>|  return value|
|grp_fu_11608_p_ce      |  out|    1|  ap_ctrl_hs|  matmul<64ul, 8ul, 1ul>|  return value|
|grp_fu_11612_p_din0    |  out|   64|  ap_ctrl_hs|  matmul<64ul, 8ul, 1ul>|  return value|
|grp_fu_11612_p_din1    |  out|   64|  ap_ctrl_hs|  matmul<64ul, 8ul, 1ul>|  return value|
|grp_fu_11612_p_dout0   |   in|   64|  ap_ctrl_hs|  matmul<64ul, 8ul, 1ul>|  return value|
|grp_fu_11612_p_ce      |  out|    1|  ap_ctrl_hs|  matmul<64ul, 8ul, 1ul>|  return value|
|grp_fu_11616_p_din0    |  out|   64|  ap_ctrl_hs|  matmul<64ul, 8ul, 1ul>|  return value|
|grp_fu_11616_p_din1    |  out|   64|  ap_ctrl_hs|  matmul<64ul, 8ul, 1ul>|  return value|
|grp_fu_11616_p_dout0   |   in|   64|  ap_ctrl_hs|  matmul<64ul, 8ul, 1ul>|  return value|
|grp_fu_11616_p_ce      |  out|    1|  ap_ctrl_hs|  matmul<64ul, 8ul, 1ul>|  return value|
|grp_fu_11620_p_din0    |  out|   64|  ap_ctrl_hs|  matmul<64ul, 8ul, 1ul>|  return value|
|grp_fu_11620_p_din1    |  out|   64|  ap_ctrl_hs|  matmul<64ul, 8ul, 1ul>|  return value|
|grp_fu_11620_p_dout0   |   in|   64|  ap_ctrl_hs|  matmul<64ul, 8ul, 1ul>|  return value|
|grp_fu_11620_p_ce      |  out|    1|  ap_ctrl_hs|  matmul<64ul, 8ul, 1ul>|  return value|
|agg_result_0_address0  |  out|    6|   ap_memory|            agg_result_0|         array|
|agg_result_0_ce0       |  out|    1|   ap_memory|            agg_result_0|         array|
|agg_result_0_we0       |  out|    1|   ap_memory|            agg_result_0|         array|
|agg_result_0_d0        |  out|   64|   ap_memory|            agg_result_0|         array|
|agg_result_0_address1  |  out|    6|   ap_memory|            agg_result_0|         array|
|agg_result_0_ce1       |  out|    1|   ap_memory|            agg_result_0|         array|
|agg_result_0_we1       |  out|    1|   ap_memory|            agg_result_0|         array|
|agg_result_0_d1        |  out|   64|   ap_memory|            agg_result_0|         array|
|agg_result_0_q1        |   in|   64|   ap_memory|            agg_result_0|         array|
|A_read                 |   in|   64|     ap_none|                  A_read|        scalar|
|A_read_2046            |   in|   64|     ap_none|             A_read_2046|        scalar|
|A_read_2047            |   in|   64|     ap_none|             A_read_2047|        scalar|
|A_read_2048            |   in|   64|     ap_none|             A_read_2048|        scalar|
|A_read_2049            |   in|   64|     ap_none|             A_read_2049|        scalar|
|A_read_2050            |   in|   64|     ap_none|             A_read_2050|        scalar|
|A_read_2051            |   in|   64|     ap_none|             A_read_2051|        scalar|
|A_read_2052            |   in|   64|     ap_none|             A_read_2052|        scalar|
|A_read_2053            |   in|   64|     ap_none|             A_read_2053|        scalar|
|A_read_2054            |   in|   64|     ap_none|             A_read_2054|        scalar|
|A_read_2055            |   in|   64|     ap_none|             A_read_2055|        scalar|
|A_read_2056            |   in|   64|     ap_none|             A_read_2056|        scalar|
|A_read_2057            |   in|   64|     ap_none|             A_read_2057|        scalar|
|A_read_2058            |   in|   64|     ap_none|             A_read_2058|        scalar|
|A_read_2059            |   in|   64|     ap_none|             A_read_2059|        scalar|
|A_read_2060            |   in|   64|     ap_none|             A_read_2060|        scalar|
|A_read_2061            |   in|   64|     ap_none|             A_read_2061|        scalar|
|A_read_2062            |   in|   64|     ap_none|             A_read_2062|        scalar|
|A_read_2063            |   in|   64|     ap_none|             A_read_2063|        scalar|
|A_read_2064            |   in|   64|     ap_none|             A_read_2064|        scalar|
|A_read_2065            |   in|   64|     ap_none|             A_read_2065|        scalar|
|A_read_2066            |   in|   64|     ap_none|             A_read_2066|        scalar|
|A_read_2067            |   in|   64|     ap_none|             A_read_2067|        scalar|
|A_read_2068            |   in|   64|     ap_none|             A_read_2068|        scalar|
|A_read_2069            |   in|   64|     ap_none|             A_read_2069|        scalar|
|A_read_2070            |   in|   64|     ap_none|             A_read_2070|        scalar|
|A_read_2071            |   in|   64|     ap_none|             A_read_2071|        scalar|
|A_read_2072            |   in|   64|     ap_none|             A_read_2072|        scalar|
|A_read_2073            |   in|   64|     ap_none|             A_read_2073|        scalar|
|A_read_2074            |   in|   64|     ap_none|             A_read_2074|        scalar|
|A_read_2075            |   in|   64|     ap_none|             A_read_2075|        scalar|
|A_read_2076            |   in|   64|     ap_none|             A_read_2076|        scalar|
|A_read_2077            |   in|   64|     ap_none|             A_read_2077|        scalar|
|A_read_2078            |   in|   64|     ap_none|             A_read_2078|        scalar|
|A_read_2079            |   in|   64|     ap_none|             A_read_2079|        scalar|
|A_read_2080            |   in|   64|     ap_none|             A_read_2080|        scalar|
|A_read_2081            |   in|   64|     ap_none|             A_read_2081|        scalar|
|A_read_2082            |   in|   64|     ap_none|             A_read_2082|        scalar|
|A_read_2083            |   in|   64|     ap_none|             A_read_2083|        scalar|
|A_read_2084            |   in|   64|     ap_none|             A_read_2084|        scalar|
|A_read_2085            |   in|   64|     ap_none|             A_read_2085|        scalar|
|A_read_2086            |   in|   64|     ap_none|             A_read_2086|        scalar|
|A_read_2087            |   in|   64|     ap_none|             A_read_2087|        scalar|
|A_read_2088            |   in|   64|     ap_none|             A_read_2088|        scalar|
|A_read_2089            |   in|   64|     ap_none|             A_read_2089|        scalar|
|A_read_2090            |   in|   64|     ap_none|             A_read_2090|        scalar|
|A_read_2091            |   in|   64|     ap_none|             A_read_2091|        scalar|
|A_read_2092            |   in|   64|     ap_none|             A_read_2092|        scalar|
|A_read_2093            |   in|   64|     ap_none|             A_read_2093|        scalar|
|A_read_2094            |   in|   64|     ap_none|             A_read_2094|        scalar|
|A_read_2095            |   in|   64|     ap_none|             A_read_2095|        scalar|
|A_read_2096            |   in|   64|     ap_none|             A_read_2096|        scalar|
|A_read_2097            |   in|   64|     ap_none|             A_read_2097|        scalar|
|A_read_2098            |   in|   64|     ap_none|             A_read_2098|        scalar|
|A_read_2099            |   in|   64|     ap_none|             A_read_2099|        scalar|
|A_read_2100            |   in|   64|     ap_none|             A_read_2100|        scalar|
|A_read_2101            |   in|   64|     ap_none|             A_read_2101|        scalar|
|A_read_2102            |   in|   64|     ap_none|             A_read_2102|        scalar|
|A_read_2103            |   in|   64|     ap_none|             A_read_2103|        scalar|
|A_read_2104            |   in|   64|     ap_none|             A_read_2104|        scalar|
|A_read_2105            |   in|   64|     ap_none|             A_read_2105|        scalar|
|A_read_2106            |   in|   64|     ap_none|             A_read_2106|        scalar|
|A_read_2107            |   in|   64|     ap_none|             A_read_2107|        scalar|
|A_read_2108            |   in|   64|     ap_none|             A_read_2108|        scalar|
|A_read_2109            |   in|   64|     ap_none|             A_read_2109|        scalar|
|A_read_2110            |   in|   64|     ap_none|             A_read_2110|        scalar|
|A_read_2111            |   in|   64|     ap_none|             A_read_2111|        scalar|
|A_read_2112            |   in|   64|     ap_none|             A_read_2112|        scalar|
|A_read_2113            |   in|   64|     ap_none|             A_read_2113|        scalar|
|A_read_2114            |   in|   64|     ap_none|             A_read_2114|        scalar|
|A_read_2115            |   in|   64|     ap_none|             A_read_2115|        scalar|
|A_read_2116            |   in|   64|     ap_none|             A_read_2116|        scalar|
|A_read_2117            |   in|   64|     ap_none|             A_read_2117|        scalar|
|A_read_2118            |   in|   64|     ap_none|             A_read_2118|        scalar|
|A_read_2119            |   in|   64|     ap_none|             A_read_2119|        scalar|
|A_read_2120            |   in|   64|     ap_none|             A_read_2120|        scalar|
|A_read_2121            |   in|   64|     ap_none|             A_read_2121|        scalar|
|A_read_2122            |   in|   64|     ap_none|             A_read_2122|        scalar|
|A_read_2123            |   in|   64|     ap_none|             A_read_2123|        scalar|
|A_read_2124            |   in|   64|     ap_none|             A_read_2124|        scalar|
|A_read_2125            |   in|   64|     ap_none|             A_read_2125|        scalar|
|A_read_2126            |   in|   64|     ap_none|             A_read_2126|        scalar|
|A_read_2127            |   in|   64|     ap_none|             A_read_2127|        scalar|
|A_read_2128            |   in|   64|     ap_none|             A_read_2128|        scalar|
|A_read_2129            |   in|   64|     ap_none|             A_read_2129|        scalar|
|A_read_2130            |   in|   64|     ap_none|             A_read_2130|        scalar|
|A_read_2131            |   in|   64|     ap_none|             A_read_2131|        scalar|
|A_read_2132            |   in|   64|     ap_none|             A_read_2132|        scalar|
|A_read_2133            |   in|   64|     ap_none|             A_read_2133|        scalar|
|A_read_2134            |   in|   64|     ap_none|             A_read_2134|        scalar|
|A_read_2135            |   in|   64|     ap_none|             A_read_2135|        scalar|
|A_read_2136            |   in|   64|     ap_none|             A_read_2136|        scalar|
|A_read_2137            |   in|   64|     ap_none|             A_read_2137|        scalar|
|A_read_2138            |   in|   64|     ap_none|             A_read_2138|        scalar|
|A_read_2139            |   in|   64|     ap_none|             A_read_2139|        scalar|
|A_read_2140            |   in|   64|     ap_none|             A_read_2140|        scalar|
|A_read_2141            |   in|   64|     ap_none|             A_read_2141|        scalar|
|A_read_2142            |   in|   64|     ap_none|             A_read_2142|        scalar|
|A_read_2143            |   in|   64|     ap_none|             A_read_2143|        scalar|
|A_read_2144            |   in|   64|     ap_none|             A_read_2144|        scalar|
|A_read_2145            |   in|   64|     ap_none|             A_read_2145|        scalar|
|A_read_2146            |   in|   64|     ap_none|             A_read_2146|        scalar|
|A_read_2147            |   in|   64|     ap_none|             A_read_2147|        scalar|
|A_read_2148            |   in|   64|     ap_none|             A_read_2148|        scalar|
|A_read_2149            |   in|   64|     ap_none|             A_read_2149|        scalar|
|A_read_2150            |   in|   64|     ap_none|             A_read_2150|        scalar|
|A_read_2151            |   in|   64|     ap_none|             A_read_2151|        scalar|
|A_read_2152            |   in|   64|     ap_none|             A_read_2152|        scalar|
|A_read_2153            |   in|   64|     ap_none|             A_read_2153|        scalar|
|A_read_2154            |   in|   64|     ap_none|             A_read_2154|        scalar|
|A_read_2155            |   in|   64|     ap_none|             A_read_2155|        scalar|
|A_read_2156            |   in|   64|     ap_none|             A_read_2156|        scalar|
|A_read_2157            |   in|   64|     ap_none|             A_read_2157|        scalar|
|A_read_2158            |   in|   64|     ap_none|             A_read_2158|        scalar|
|A_read_2159            |   in|   64|     ap_none|             A_read_2159|        scalar|
|A_read_2160            |   in|   64|     ap_none|             A_read_2160|        scalar|
|A_read_2161            |   in|   64|     ap_none|             A_read_2161|        scalar|
|A_read_2162            |   in|   64|     ap_none|             A_read_2162|        scalar|
|A_read_2163            |   in|   64|     ap_none|             A_read_2163|        scalar|
|A_read_2164            |   in|   64|     ap_none|             A_read_2164|        scalar|
|A_read_2165            |   in|   64|     ap_none|             A_read_2165|        scalar|
|A_read_2166            |   in|   64|     ap_none|             A_read_2166|        scalar|
|A_read_2167            |   in|   64|     ap_none|             A_read_2167|        scalar|
|A_read_2168            |   in|   64|     ap_none|             A_read_2168|        scalar|
|A_read_2169            |   in|   64|     ap_none|             A_read_2169|        scalar|
|A_read_2170            |   in|   64|     ap_none|             A_read_2170|        scalar|
|A_read_2171            |   in|   64|     ap_none|             A_read_2171|        scalar|
|A_read_2172            |   in|   64|     ap_none|             A_read_2172|        scalar|
|A_read_2173            |   in|   64|     ap_none|             A_read_2173|        scalar|
|A_read_2174            |   in|   64|     ap_none|             A_read_2174|        scalar|
|A_read_2175            |   in|   64|     ap_none|             A_read_2175|        scalar|
|A_read_2176            |   in|   64|     ap_none|             A_read_2176|        scalar|
|A_read_2177            |   in|   64|     ap_none|             A_read_2177|        scalar|
|A_read_2178            |   in|   64|     ap_none|             A_read_2178|        scalar|
|A_read_2179            |   in|   64|     ap_none|             A_read_2179|        scalar|
|A_read_2180            |   in|   64|     ap_none|             A_read_2180|        scalar|
|A_read_2181            |   in|   64|     ap_none|             A_read_2181|        scalar|
|A_read_2182            |   in|   64|     ap_none|             A_read_2182|        scalar|
|A_read_2183            |   in|   64|     ap_none|             A_read_2183|        scalar|
|A_read_2184            |   in|   64|     ap_none|             A_read_2184|        scalar|
|A_read_2185            |   in|   64|     ap_none|             A_read_2185|        scalar|
|A_read_2186            |   in|   64|     ap_none|             A_read_2186|        scalar|
|A_read_2187            |   in|   64|     ap_none|             A_read_2187|        scalar|
|A_read_2188            |   in|   64|     ap_none|             A_read_2188|        scalar|
|A_read_2189            |   in|   64|     ap_none|             A_read_2189|        scalar|
|A_read_2190            |   in|   64|     ap_none|             A_read_2190|        scalar|
|A_read_2191            |   in|   64|     ap_none|             A_read_2191|        scalar|
|A_read_2192            |   in|   64|     ap_none|             A_read_2192|        scalar|
|A_read_2193            |   in|   64|     ap_none|             A_read_2193|        scalar|
|A_read_2194            |   in|   64|     ap_none|             A_read_2194|        scalar|
|A_read_2195            |   in|   64|     ap_none|             A_read_2195|        scalar|
|A_read_2196            |   in|   64|     ap_none|             A_read_2196|        scalar|
|A_read_2197            |   in|   64|     ap_none|             A_read_2197|        scalar|
|A_read_2198            |   in|   64|     ap_none|             A_read_2198|        scalar|
|A_read_2199            |   in|   64|     ap_none|             A_read_2199|        scalar|
|A_read_2200            |   in|   64|     ap_none|             A_read_2200|        scalar|
|A_read_2201            |   in|   64|     ap_none|             A_read_2201|        scalar|
|A_read_2202            |   in|   64|     ap_none|             A_read_2202|        scalar|
|A_read_2203            |   in|   64|     ap_none|             A_read_2203|        scalar|
|A_read_2204            |   in|   64|     ap_none|             A_read_2204|        scalar|
|A_read_2205            |   in|   64|     ap_none|             A_read_2205|        scalar|
|A_read_2206            |   in|   64|     ap_none|             A_read_2206|        scalar|
|A_read_2207            |   in|   64|     ap_none|             A_read_2207|        scalar|
|A_read_2208            |   in|   64|     ap_none|             A_read_2208|        scalar|
|A_read_2209            |   in|   64|     ap_none|             A_read_2209|        scalar|
|A_read_2210            |   in|   64|     ap_none|             A_read_2210|        scalar|
|A_read_2211            |   in|   64|     ap_none|             A_read_2211|        scalar|
|A_read_2212            |   in|   64|     ap_none|             A_read_2212|        scalar|
|A_read_2213            |   in|   64|     ap_none|             A_read_2213|        scalar|
|A_read_2214            |   in|   64|     ap_none|             A_read_2214|        scalar|
|A_read_2215            |   in|   64|     ap_none|             A_read_2215|        scalar|
|A_read_2216            |   in|   64|     ap_none|             A_read_2216|        scalar|
|A_read_2217            |   in|   64|     ap_none|             A_read_2217|        scalar|
|A_read_2218            |   in|   64|     ap_none|             A_read_2218|        scalar|
|A_read_2219            |   in|   64|     ap_none|             A_read_2219|        scalar|
|A_read_2220            |   in|   64|     ap_none|             A_read_2220|        scalar|
|A_read_2221            |   in|   64|     ap_none|             A_read_2221|        scalar|
|A_read_2222            |   in|   64|     ap_none|             A_read_2222|        scalar|
|A_read_2223            |   in|   64|     ap_none|             A_read_2223|        scalar|
|A_read_2224            |   in|   64|     ap_none|             A_read_2224|        scalar|
|A_read_2225            |   in|   64|     ap_none|             A_read_2225|        scalar|
|A_read_2226            |   in|   64|     ap_none|             A_read_2226|        scalar|
|A_read_2227            |   in|   64|     ap_none|             A_read_2227|        scalar|
|A_read_2228            |   in|   64|     ap_none|             A_read_2228|        scalar|
|A_read_2229            |   in|   64|     ap_none|             A_read_2229|        scalar|
|A_read_2230            |   in|   64|     ap_none|             A_read_2230|        scalar|
|A_read_2231            |   in|   64|     ap_none|             A_read_2231|        scalar|
|A_read_2232            |   in|   64|     ap_none|             A_read_2232|        scalar|
|A_read_2233            |   in|   64|     ap_none|             A_read_2233|        scalar|
|A_read_2234            |   in|   64|     ap_none|             A_read_2234|        scalar|
|A_read_2235            |   in|   64|     ap_none|             A_read_2235|        scalar|
|A_read_2236            |   in|   64|     ap_none|             A_read_2236|        scalar|
|A_read_2237            |   in|   64|     ap_none|             A_read_2237|        scalar|
|A_read_2238            |   in|   64|     ap_none|             A_read_2238|        scalar|
|A_read_2239            |   in|   64|     ap_none|             A_read_2239|        scalar|
|A_read_2240            |   in|   64|     ap_none|             A_read_2240|        scalar|
|A_read_2241            |   in|   64|     ap_none|             A_read_2241|        scalar|
|A_read_2242            |   in|   64|     ap_none|             A_read_2242|        scalar|
|A_read_2243            |   in|   64|     ap_none|             A_read_2243|        scalar|
|A_read_2244            |   in|   64|     ap_none|             A_read_2244|        scalar|
|A_read_2245            |   in|   64|     ap_none|             A_read_2245|        scalar|
|A_read_2246            |   in|   64|     ap_none|             A_read_2246|        scalar|
|A_read_2247            |   in|   64|     ap_none|             A_read_2247|        scalar|
|A_read_2248            |   in|   64|     ap_none|             A_read_2248|        scalar|
|A_read_2249            |   in|   64|     ap_none|             A_read_2249|        scalar|
|A_read_2250            |   in|   64|     ap_none|             A_read_2250|        scalar|
|A_read_2251            |   in|   64|     ap_none|             A_read_2251|        scalar|
|A_read_2252            |   in|   64|     ap_none|             A_read_2252|        scalar|
|A_read_2253            |   in|   64|     ap_none|             A_read_2253|        scalar|
|A_read_2254            |   in|   64|     ap_none|             A_read_2254|        scalar|
|A_read_2255            |   in|   64|     ap_none|             A_read_2255|        scalar|
|A_read_2256            |   in|   64|     ap_none|             A_read_2256|        scalar|
|A_read_2257            |   in|   64|     ap_none|             A_read_2257|        scalar|
|A_read_2258            |   in|   64|     ap_none|             A_read_2258|        scalar|
|A_read_2259            |   in|   64|     ap_none|             A_read_2259|        scalar|
|A_read_2260            |   in|   64|     ap_none|             A_read_2260|        scalar|
|A_read_2261            |   in|   64|     ap_none|             A_read_2261|        scalar|
|A_read_2262            |   in|   64|     ap_none|             A_read_2262|        scalar|
|A_read_2263            |   in|   64|     ap_none|             A_read_2263|        scalar|
|A_read_2264            |   in|   64|     ap_none|             A_read_2264|        scalar|
|A_read_2265            |   in|   64|     ap_none|             A_read_2265|        scalar|
|A_read_2266            |   in|   64|     ap_none|             A_read_2266|        scalar|
|A_read_2267            |   in|   64|     ap_none|             A_read_2267|        scalar|
|A_read_2268            |   in|   64|     ap_none|             A_read_2268|        scalar|
|A_read_2269            |   in|   64|     ap_none|             A_read_2269|        scalar|
|A_read_2270            |   in|   64|     ap_none|             A_read_2270|        scalar|
|A_read_2271            |   in|   64|     ap_none|             A_read_2271|        scalar|
|A_read_2272            |   in|   64|     ap_none|             A_read_2272|        scalar|
|A_read_2273            |   in|   64|     ap_none|             A_read_2273|        scalar|
|A_read_2274            |   in|   64|     ap_none|             A_read_2274|        scalar|
|A_read_2275            |   in|   64|     ap_none|             A_read_2275|        scalar|
|A_read_2276            |   in|   64|     ap_none|             A_read_2276|        scalar|
|A_read_2277            |   in|   64|     ap_none|             A_read_2277|        scalar|
|A_read_2278            |   in|   64|     ap_none|             A_read_2278|        scalar|
|A_read_2279            |   in|   64|     ap_none|             A_read_2279|        scalar|
|A_read_2280            |   in|   64|     ap_none|             A_read_2280|        scalar|
|A_read_2281            |   in|   64|     ap_none|             A_read_2281|        scalar|
|A_read_2282            |   in|   64|     ap_none|             A_read_2282|        scalar|
|A_read_2283            |   in|   64|     ap_none|             A_read_2283|        scalar|
|A_read_2284            |   in|   64|     ap_none|             A_read_2284|        scalar|
|A_read_2285            |   in|   64|     ap_none|             A_read_2285|        scalar|
|A_read_2286            |   in|   64|     ap_none|             A_read_2286|        scalar|
|A_read_2287            |   in|   64|     ap_none|             A_read_2287|        scalar|
|A_read_2288            |   in|   64|     ap_none|             A_read_2288|        scalar|
|A_read_2289            |   in|   64|     ap_none|             A_read_2289|        scalar|
|A_read_2290            |   in|   64|     ap_none|             A_read_2290|        scalar|
|A_read_2291            |   in|   64|     ap_none|             A_read_2291|        scalar|
|A_read_2292            |   in|   64|     ap_none|             A_read_2292|        scalar|
|A_read_2293            |   in|   64|     ap_none|             A_read_2293|        scalar|
|A_read_2294            |   in|   64|     ap_none|             A_read_2294|        scalar|
|A_read_2295            |   in|   64|     ap_none|             A_read_2295|        scalar|
|A_read_2296            |   in|   64|     ap_none|             A_read_2296|        scalar|
|A_read_2297            |   in|   64|     ap_none|             A_read_2297|        scalar|
|A_read_2298            |   in|   64|     ap_none|             A_read_2298|        scalar|
|A_read_2299            |   in|   64|     ap_none|             A_read_2299|        scalar|
|A_read_2300            |   in|   64|     ap_none|             A_read_2300|        scalar|
|A_read_2301            |   in|   64|     ap_none|             A_read_2301|        scalar|
|A_read_2302            |   in|   64|     ap_none|             A_read_2302|        scalar|
|A_read_2303            |   in|   64|     ap_none|             A_read_2303|        scalar|
|A_read_2304            |   in|   64|     ap_none|             A_read_2304|        scalar|
|A_read_2305            |   in|   64|     ap_none|             A_read_2305|        scalar|
|A_read_2306            |   in|   64|     ap_none|             A_read_2306|        scalar|
|A_read_2307            |   in|   64|     ap_none|             A_read_2307|        scalar|
|A_read_2308            |   in|   64|     ap_none|             A_read_2308|        scalar|
|A_read_2309            |   in|   64|     ap_none|             A_read_2309|        scalar|
|A_read_2310            |   in|   64|     ap_none|             A_read_2310|        scalar|
|A_read_2311            |   in|   64|     ap_none|             A_read_2311|        scalar|
|A_read_2312            |   in|   64|     ap_none|             A_read_2312|        scalar|
|A_read_2313            |   in|   64|     ap_none|             A_read_2313|        scalar|
|A_read_2314            |   in|   64|     ap_none|             A_read_2314|        scalar|
|A_read_2315            |   in|   64|     ap_none|             A_read_2315|        scalar|
|A_read_2316            |   in|   64|     ap_none|             A_read_2316|        scalar|
|A_read_2317            |   in|   64|     ap_none|             A_read_2317|        scalar|
|A_read_2318            |   in|   64|     ap_none|             A_read_2318|        scalar|
|A_read_2319            |   in|   64|     ap_none|             A_read_2319|        scalar|
|A_read_2320            |   in|   64|     ap_none|             A_read_2320|        scalar|
|A_read_2321            |   in|   64|     ap_none|             A_read_2321|        scalar|
|A_read_2322            |   in|   64|     ap_none|             A_read_2322|        scalar|
|A_read_2323            |   in|   64|     ap_none|             A_read_2323|        scalar|
|A_read_2324            |   in|   64|     ap_none|             A_read_2324|        scalar|
|A_read_2325            |   in|   64|     ap_none|             A_read_2325|        scalar|
|A_read_2326            |   in|   64|     ap_none|             A_read_2326|        scalar|
|A_read_2327            |   in|   64|     ap_none|             A_read_2327|        scalar|
|A_read_2328            |   in|   64|     ap_none|             A_read_2328|        scalar|
|A_read_2329            |   in|   64|     ap_none|             A_read_2329|        scalar|
|A_read_2330            |   in|   64|     ap_none|             A_read_2330|        scalar|
|A_read_2331            |   in|   64|     ap_none|             A_read_2331|        scalar|
|A_read_2332            |   in|   64|     ap_none|             A_read_2332|        scalar|
|A_read_2333            |   in|   64|     ap_none|             A_read_2333|        scalar|
|A_read_2334            |   in|   64|     ap_none|             A_read_2334|        scalar|
|A_read_2335            |   in|   64|     ap_none|             A_read_2335|        scalar|
|A_read_2336            |   in|   64|     ap_none|             A_read_2336|        scalar|
|A_read_2337            |   in|   64|     ap_none|             A_read_2337|        scalar|
|A_read_2338            |   in|   64|     ap_none|             A_read_2338|        scalar|
|A_read_2339            |   in|   64|     ap_none|             A_read_2339|        scalar|
|A_read_2340            |   in|   64|     ap_none|             A_read_2340|        scalar|
|A_read_2341            |   in|   64|     ap_none|             A_read_2341|        scalar|
|A_read_2342            |   in|   64|     ap_none|             A_read_2342|        scalar|
|A_read_2343            |   in|   64|     ap_none|             A_read_2343|        scalar|
|A_read_2344            |   in|   64|     ap_none|             A_read_2344|        scalar|
|A_read_2345            |   in|   64|     ap_none|             A_read_2345|        scalar|
|A_read_2346            |   in|   64|     ap_none|             A_read_2346|        scalar|
|A_read_2347            |   in|   64|     ap_none|             A_read_2347|        scalar|
|A_read_2348            |   in|   64|     ap_none|             A_read_2348|        scalar|
|A_read_2349            |   in|   64|     ap_none|             A_read_2349|        scalar|
|A_read_2350            |   in|   64|     ap_none|             A_read_2350|        scalar|
|A_read_2351            |   in|   64|     ap_none|             A_read_2351|        scalar|
|A_read_2352            |   in|   64|     ap_none|             A_read_2352|        scalar|
|A_read_2353            |   in|   64|     ap_none|             A_read_2353|        scalar|
|A_read_2354            |   in|   64|     ap_none|             A_read_2354|        scalar|
|A_read_2355            |   in|   64|     ap_none|             A_read_2355|        scalar|
|A_read_2356            |   in|   64|     ap_none|             A_read_2356|        scalar|
|A_read_2357            |   in|   64|     ap_none|             A_read_2357|        scalar|
|A_read_2358            |   in|   64|     ap_none|             A_read_2358|        scalar|
|A_read_2359            |   in|   64|     ap_none|             A_read_2359|        scalar|
|A_read_2360            |   in|   64|     ap_none|             A_read_2360|        scalar|
|A_read_2361            |   in|   64|     ap_none|             A_read_2361|        scalar|
|A_read_2362            |   in|   64|     ap_none|             A_read_2362|        scalar|
|A_read_2363            |   in|   64|     ap_none|             A_read_2363|        scalar|
|A_read_2364            |   in|   64|     ap_none|             A_read_2364|        scalar|
|A_read_2365            |   in|   64|     ap_none|             A_read_2365|        scalar|
|A_read_2366            |   in|   64|     ap_none|             A_read_2366|        scalar|
|A_read_2367            |   in|   64|     ap_none|             A_read_2367|        scalar|
|A_read_2368            |   in|   64|     ap_none|             A_read_2368|        scalar|
|A_read_2369            |   in|   64|     ap_none|             A_read_2369|        scalar|
|A_read_2370            |   in|   64|     ap_none|             A_read_2370|        scalar|
|A_read_2371            |   in|   64|     ap_none|             A_read_2371|        scalar|
|A_read_2372            |   in|   64|     ap_none|             A_read_2372|        scalar|
|A_read_2373            |   in|   64|     ap_none|             A_read_2373|        scalar|
|A_read_2374            |   in|   64|     ap_none|             A_read_2374|        scalar|
|A_read_2375            |   in|   64|     ap_none|             A_read_2375|        scalar|
|A_read_2376            |   in|   64|     ap_none|             A_read_2376|        scalar|
|A_read_2377            |   in|   64|     ap_none|             A_read_2377|        scalar|
|A_read_2378            |   in|   64|     ap_none|             A_read_2378|        scalar|
|A_read_2379            |   in|   64|     ap_none|             A_read_2379|        scalar|
|A_read_2380            |   in|   64|     ap_none|             A_read_2380|        scalar|
|A_read_2381            |   in|   64|     ap_none|             A_read_2381|        scalar|
|A_read_2382            |   in|   64|     ap_none|             A_read_2382|        scalar|
|A_read_2383            |   in|   64|     ap_none|             A_read_2383|        scalar|
|A_read_2384            |   in|   64|     ap_none|             A_read_2384|        scalar|
|A_read_2385            |   in|   64|     ap_none|             A_read_2385|        scalar|
|A_read_2386            |   in|   64|     ap_none|             A_read_2386|        scalar|
|A_read_2387            |   in|   64|     ap_none|             A_read_2387|        scalar|
|A_read_2388            |   in|   64|     ap_none|             A_read_2388|        scalar|
|A_read_2389            |   in|   64|     ap_none|             A_read_2389|        scalar|
|A_read_2390            |   in|   64|     ap_none|             A_read_2390|        scalar|
|A_read_2391            |   in|   64|     ap_none|             A_read_2391|        scalar|
|A_read_2392            |   in|   64|     ap_none|             A_read_2392|        scalar|
|A_read_2393            |   in|   64|     ap_none|             A_read_2393|        scalar|
|A_read_2394            |   in|   64|     ap_none|             A_read_2394|        scalar|
|A_read_2395            |   in|   64|     ap_none|             A_read_2395|        scalar|
|A_read_2396            |   in|   64|     ap_none|             A_read_2396|        scalar|
|A_read_2397            |   in|   64|     ap_none|             A_read_2397|        scalar|
|A_read_2398            |   in|   64|     ap_none|             A_read_2398|        scalar|
|A_read_2399            |   in|   64|     ap_none|             A_read_2399|        scalar|
|A_read_2400            |   in|   64|     ap_none|             A_read_2400|        scalar|
|A_read_2401            |   in|   64|     ap_none|             A_read_2401|        scalar|
|A_read_2402            |   in|   64|     ap_none|             A_read_2402|        scalar|
|A_read_2403            |   in|   64|     ap_none|             A_read_2403|        scalar|
|A_read_2404            |   in|   64|     ap_none|             A_read_2404|        scalar|
|A_read_2405            |   in|   64|     ap_none|             A_read_2405|        scalar|
|A_read_2406            |   in|   64|     ap_none|             A_read_2406|        scalar|
|A_read_2407            |   in|   64|     ap_none|             A_read_2407|        scalar|
|A_read_2408            |   in|   64|     ap_none|             A_read_2408|        scalar|
|A_read_2409            |   in|   64|     ap_none|             A_read_2409|        scalar|
|A_read_2410            |   in|   64|     ap_none|             A_read_2410|        scalar|
|A_read_2411            |   in|   64|     ap_none|             A_read_2411|        scalar|
|A_read_2412            |   in|   64|     ap_none|             A_read_2412|        scalar|
|A_read_2413            |   in|   64|     ap_none|             A_read_2413|        scalar|
|A_read_2414            |   in|   64|     ap_none|             A_read_2414|        scalar|
|A_read_2415            |   in|   64|     ap_none|             A_read_2415|        scalar|
|A_read_2416            |   in|   64|     ap_none|             A_read_2416|        scalar|
|A_read_2417            |   in|   64|     ap_none|             A_read_2417|        scalar|
|A_read_2418            |   in|   64|     ap_none|             A_read_2418|        scalar|
|A_read_2419            |   in|   64|     ap_none|             A_read_2419|        scalar|
|A_read_2420            |   in|   64|     ap_none|             A_read_2420|        scalar|
|A_read_2421            |   in|   64|     ap_none|             A_read_2421|        scalar|
|A_read_2422            |   in|   64|     ap_none|             A_read_2422|        scalar|
|A_read_2423            |   in|   64|     ap_none|             A_read_2423|        scalar|
|A_read_2424            |   in|   64|     ap_none|             A_read_2424|        scalar|
|A_read_2425            |   in|   64|     ap_none|             A_read_2425|        scalar|
|A_read_2426            |   in|   64|     ap_none|             A_read_2426|        scalar|
|A_read_2427            |   in|   64|     ap_none|             A_read_2427|        scalar|
|A_read_2428            |   in|   64|     ap_none|             A_read_2428|        scalar|
|A_read_2429            |   in|   64|     ap_none|             A_read_2429|        scalar|
|A_read_2430            |   in|   64|     ap_none|             A_read_2430|        scalar|
|A_read_2431            |   in|   64|     ap_none|             A_read_2431|        scalar|
|A_read_2432            |   in|   64|     ap_none|             A_read_2432|        scalar|
|A_read_2433            |   in|   64|     ap_none|             A_read_2433|        scalar|
|A_read_2434            |   in|   64|     ap_none|             A_read_2434|        scalar|
|A_read_2435            |   in|   64|     ap_none|             A_read_2435|        scalar|
|A_read_2436            |   in|   64|     ap_none|             A_read_2436|        scalar|
|A_read_2437            |   in|   64|     ap_none|             A_read_2437|        scalar|
|A_read_2438            |   in|   64|     ap_none|             A_read_2438|        scalar|
|A_read_2439            |   in|   64|     ap_none|             A_read_2439|        scalar|
|A_read_2440            |   in|   64|     ap_none|             A_read_2440|        scalar|
|A_read_2441            |   in|   64|     ap_none|             A_read_2441|        scalar|
|A_read_2442            |   in|   64|     ap_none|             A_read_2442|        scalar|
|A_read_2443            |   in|   64|     ap_none|             A_read_2443|        scalar|
|A_read_2444            |   in|   64|     ap_none|             A_read_2444|        scalar|
|A_read_2445            |   in|   64|     ap_none|             A_read_2445|        scalar|
|A_read_2446            |   in|   64|     ap_none|             A_read_2446|        scalar|
|A_read_2447            |   in|   64|     ap_none|             A_read_2447|        scalar|
|A_read_2448            |   in|   64|     ap_none|             A_read_2448|        scalar|
|A_read_2449            |   in|   64|     ap_none|             A_read_2449|        scalar|
|A_read_2450            |   in|   64|     ap_none|             A_read_2450|        scalar|
|A_read_2451            |   in|   64|     ap_none|             A_read_2451|        scalar|
|A_read_2452            |   in|   64|     ap_none|             A_read_2452|        scalar|
|A_read_2453            |   in|   64|     ap_none|             A_read_2453|        scalar|
|A_read_2454            |   in|   64|     ap_none|             A_read_2454|        scalar|
|A_read_2455            |   in|   64|     ap_none|             A_read_2455|        scalar|
|A_read_2456            |   in|   64|     ap_none|             A_read_2456|        scalar|
|A_read_2457            |   in|   64|     ap_none|             A_read_2457|        scalar|
|A_read_2458            |   in|   64|     ap_none|             A_read_2458|        scalar|
|A_read_2459            |   in|   64|     ap_none|             A_read_2459|        scalar|
|A_read_2460            |   in|   64|     ap_none|             A_read_2460|        scalar|
|A_read_2461            |   in|   64|     ap_none|             A_read_2461|        scalar|
|A_read_2462            |   in|   64|     ap_none|             A_read_2462|        scalar|
|A_read_2463            |   in|   64|     ap_none|             A_read_2463|        scalar|
|A_read_2464            |   in|   64|     ap_none|             A_read_2464|        scalar|
|A_read_2465            |   in|   64|     ap_none|             A_read_2465|        scalar|
|A_read_2466            |   in|   64|     ap_none|             A_read_2466|        scalar|
|A_read_2467            |   in|   64|     ap_none|             A_read_2467|        scalar|
|A_read_2468            |   in|   64|     ap_none|             A_read_2468|        scalar|
|A_read_2469            |   in|   64|     ap_none|             A_read_2469|        scalar|
|A_read_2470            |   in|   64|     ap_none|             A_read_2470|        scalar|
|A_read_2471            |   in|   64|     ap_none|             A_read_2471|        scalar|
|A_read_2472            |   in|   64|     ap_none|             A_read_2472|        scalar|
|A_read_2473            |   in|   64|     ap_none|             A_read_2473|        scalar|
|A_read_2474            |   in|   64|     ap_none|             A_read_2474|        scalar|
|A_read_2475            |   in|   64|     ap_none|             A_read_2475|        scalar|
|A_read_2476            |   in|   64|     ap_none|             A_read_2476|        scalar|
|A_read_2477            |   in|   64|     ap_none|             A_read_2477|        scalar|
|A_read_2478            |   in|   64|     ap_none|             A_read_2478|        scalar|
|A_read_2479            |   in|   64|     ap_none|             A_read_2479|        scalar|
|A_read_2480            |   in|   64|     ap_none|             A_read_2480|        scalar|
|A_read_2481            |   in|   64|     ap_none|             A_read_2481|        scalar|
|A_read_2482            |   in|   64|     ap_none|             A_read_2482|        scalar|
|A_read_2483            |   in|   64|     ap_none|             A_read_2483|        scalar|
|A_read_2484            |   in|   64|     ap_none|             A_read_2484|        scalar|
|A_read_2485            |   in|   64|     ap_none|             A_read_2485|        scalar|
|A_read_2486            |   in|   64|     ap_none|             A_read_2486|        scalar|
|A_read_2487            |   in|   64|     ap_none|             A_read_2487|        scalar|
|A_read_2488            |   in|   64|     ap_none|             A_read_2488|        scalar|
|A_read_2489            |   in|   64|     ap_none|             A_read_2489|        scalar|
|A_read_2490            |   in|   64|     ap_none|             A_read_2490|        scalar|
|A_read_2491            |   in|   64|     ap_none|             A_read_2491|        scalar|
|A_read_2492            |   in|   64|     ap_none|             A_read_2492|        scalar|
|A_read_2493            |   in|   64|     ap_none|             A_read_2493|        scalar|
|A_read_2494            |   in|   64|     ap_none|             A_read_2494|        scalar|
|A_read_2495            |   in|   64|     ap_none|             A_read_2495|        scalar|
|A_read_2496            |   in|   64|     ap_none|             A_read_2496|        scalar|
|A_read_2497            |   in|   64|     ap_none|             A_read_2497|        scalar|
|A_read_2498            |   in|   64|     ap_none|             A_read_2498|        scalar|
|A_read_2499            |   in|   64|     ap_none|             A_read_2499|        scalar|
|A_read_2500            |   in|   64|     ap_none|             A_read_2500|        scalar|
|A_read_2501            |   in|   64|     ap_none|             A_read_2501|        scalar|
|A_read_2502            |   in|   64|     ap_none|             A_read_2502|        scalar|
|A_read_2503            |   in|   64|     ap_none|             A_read_2503|        scalar|
|A_read_2504            |   in|   64|     ap_none|             A_read_2504|        scalar|
|A_read_2505            |   in|   64|     ap_none|             A_read_2505|        scalar|
|A_read_2506            |   in|   64|     ap_none|             A_read_2506|        scalar|
|A_read_2507            |   in|   64|     ap_none|             A_read_2507|        scalar|
|A_read_2508            |   in|   64|     ap_none|             A_read_2508|        scalar|
|A_read_2509            |   in|   64|     ap_none|             A_read_2509|        scalar|
|A_read_2510            |   in|   64|     ap_none|             A_read_2510|        scalar|
|A_read_2511            |   in|   64|     ap_none|             A_read_2511|        scalar|
|A_read_2512            |   in|   64|     ap_none|             A_read_2512|        scalar|
|A_read_2513            |   in|   64|     ap_none|             A_read_2513|        scalar|
|A_read_2514            |   in|   64|     ap_none|             A_read_2514|        scalar|
|A_read_2515            |   in|   64|     ap_none|             A_read_2515|        scalar|
|A_read_2516            |   in|   64|     ap_none|             A_read_2516|        scalar|
|A_read_2517            |   in|   64|     ap_none|             A_read_2517|        scalar|
|A_read_2518            |   in|   64|     ap_none|             A_read_2518|        scalar|
|A_read_2519            |   in|   64|     ap_none|             A_read_2519|        scalar|
|A_read_2520            |   in|   64|     ap_none|             A_read_2520|        scalar|
|A_read_2521            |   in|   64|     ap_none|             A_read_2521|        scalar|
|A_read_2522            |   in|   64|     ap_none|             A_read_2522|        scalar|
|A_read_2523            |   in|   64|     ap_none|             A_read_2523|        scalar|
|A_read_2524            |   in|   64|     ap_none|             A_read_2524|        scalar|
|A_read_2525            |   in|   64|     ap_none|             A_read_2525|        scalar|
|A_read_2526            |   in|   64|     ap_none|             A_read_2526|        scalar|
|A_read_2527            |   in|   64|     ap_none|             A_read_2527|        scalar|
|A_read_2528            |   in|   64|     ap_none|             A_read_2528|        scalar|
|A_read_2529            |   in|   64|     ap_none|             A_read_2529|        scalar|
|A_read_2530            |   in|   64|     ap_none|             A_read_2530|        scalar|
|A_read_2531            |   in|   64|     ap_none|             A_read_2531|        scalar|
|A_read_2532            |   in|   64|     ap_none|             A_read_2532|        scalar|
|A_read_2533            |   in|   64|     ap_none|             A_read_2533|        scalar|
|A_read_2534            |   in|   64|     ap_none|             A_read_2534|        scalar|
|A_read_2535            |   in|   64|     ap_none|             A_read_2535|        scalar|
|A_read_2536            |   in|   64|     ap_none|             A_read_2536|        scalar|
|A_read_2537            |   in|   64|     ap_none|             A_read_2537|        scalar|
|A_read_2538            |   in|   64|     ap_none|             A_read_2538|        scalar|
|A_read_2539            |   in|   64|     ap_none|             A_read_2539|        scalar|
|A_read_2540            |   in|   64|     ap_none|             A_read_2540|        scalar|
|A_read_2541            |   in|   64|     ap_none|             A_read_2541|        scalar|
|A_read_2542            |   in|   64|     ap_none|             A_read_2542|        scalar|
|A_read_2543            |   in|   64|     ap_none|             A_read_2543|        scalar|
|A_read_2544            |   in|   64|     ap_none|             A_read_2544|        scalar|
|A_read_2545            |   in|   64|     ap_none|             A_read_2545|        scalar|
|A_read_2546            |   in|   64|     ap_none|             A_read_2546|        scalar|
|A_read_2547            |   in|   64|     ap_none|             A_read_2547|        scalar|
|A_read_2548            |   in|   64|     ap_none|             A_read_2548|        scalar|
|A_read_2549            |   in|   64|     ap_none|             A_read_2549|        scalar|
|A_read_2550            |   in|   64|     ap_none|             A_read_2550|        scalar|
|A_read_2551            |   in|   64|     ap_none|             A_read_2551|        scalar|
|A_read_2552            |   in|   64|     ap_none|             A_read_2552|        scalar|
|A_read_2553            |   in|   64|     ap_none|             A_read_2553|        scalar|
|A_read_2554            |   in|   64|     ap_none|             A_read_2554|        scalar|
|A_read_2555            |   in|   64|     ap_none|             A_read_2555|        scalar|
|A_read_2556            |   in|   64|     ap_none|             A_read_2556|        scalar|
|B_0_read               |   in|   64|     ap_none|                B_0_read|        scalar|
|B_0_read_31            |   in|   64|     ap_none|             B_0_read_31|        scalar|
|B_0_read_32            |   in|   64|     ap_none|             B_0_read_32|        scalar|
|B_0_read_33            |   in|   64|     ap_none|             B_0_read_33|        scalar|
|B_0_read_34            |   in|   64|     ap_none|             B_0_read_34|        scalar|
|B_0_read_35            |   in|   64|     ap_none|             B_0_read_35|        scalar|
|B_0_read_36            |   in|   64|     ap_none|             B_0_read_36|        scalar|
|B_0_read_37            |   in|   64|     ap_none|             B_0_read_37|        scalar|
+-----------------------+-----+-----+------------+------------------------+--------------+

