

================================================================
== Vitis HLS Report for 'softmax_10_s'
================================================================
* Date:           Fri Mar 21 12:04:42 2025

* Version:        2024.1 (Build 5069499 on May 21 2024)
* Project:        accelerator
* Solution:       hls (Vivado IP Flow Target)
* Product family: zynquplus
* Target device:  xczu3eg-sfvc784-1-e


================================================================
== Performance Estimates
================================================================
+ Timing: 
    * Summary: 
    +--------+----------+----------+------------+
    |  Clock |  Target  | Estimated| Uncertainty|
    +--------+----------+----------+------------+
    |ap_clk  |  10.00 ns|  7.815 ns|     2.00 ns|
    +--------+----------+----------+------------+

+ Latency: 
    * Summary: 
    +---------+---------+----------+----------+-----+-----+---------+
    |  Latency (cycles) |  Latency (absolute) |  Interval | Pipeline|
    |   min   |   max   |    min   |    max   | min | max |   Type  |
    +---------+---------+----------+----------+-----+-----+---------+
    |      128|      128|  1.280 us|  1.280 us|  128|  128|       no|
    +---------+---------+----------+----------+-----+-----+---------+

    + Detail: 
        * Instance: 
        +-------------------------------------------------+--------------------------------------+---------+---------+----------+----------+-----+-----+-----------------------------------------------+
        |                                                 |                                      |  Latency (cycles) |  Latency (absolute) |  Interval |                    Pipeline                   |
        |                     Instance                    |                Module                |   min   |   max   |    min   |    max   | min | max |                      Type                     |
        +-------------------------------------------------+--------------------------------------+---------+---------+----------+----------+-----+-----+-----------------------------------------------+
        |grp_softmax_10_Pipeline_1_fu_141                 |softmax_10_Pipeline_1                 |       21|       21|  0.210 us|  0.210 us|   20|   20|  loop auto-rewind stp(delay=0 clock cycles(s))|
        |grp_softmax_10_Pipeline_VITIS_LOOP_89_1_fu_148   |softmax_10_Pipeline_VITIS_LOOP_89_1   |       64|       64|  0.640 us|  0.640 us|   44|   44|  loop auto-rewind stp(delay=0 clock cycles(s))|
        |grp_softmax_10_Pipeline_VITIS_LOOP_114_3_fu_158  |softmax_10_Pipeline_VITIS_LOOP_114_3  |       35|       35|  0.350 us|  0.350 us|   11|   11|  loop auto-rewind stp(delay=0 clock cycles(s))|
        +-------------------------------------------------+--------------------------------------+---------+---------+----------+----------+-----+-----+-----------------------------------------------+

        * Loop: 
        N/A



================================================================
== Utilization Estimates
================================================================
* Summary: 
+-----------------+---------+-----+--------+-------+-----+
|       Name      | BRAM_18K| DSP |   FF   |  LUT  | URAM|
+-----------------+---------+-----+--------+-------+-----+
|DSP              |        -|    -|       -|      -|    -|
|Expression       |        -|    -|       -|      -|    -|
|FIFO             |        -|    -|       -|      -|    -|
|Instance         |        -|   26|    2023|   3283|    -|
|Memory           |        -|    -|       -|      -|    -|
|Multiplexer      |        -|    -|       0|    245|    -|
|Register         |        -|    -|      76|      -|    -|
+-----------------+---------+-----+--------+-------+-----+
|Total            |        0|   26|    2099|   3528|    0|
+-----------------+---------+-----+--------+-------+-----+
|Available        |      432|  360|  141120|  70560|    0|
+-----------------+---------+-----+--------+-------+-----+
|Utilization (%)  |        0|    7|       1|      5|    0|
+-----------------+---------+-----+--------+-------+-----+

+ Detail: 
    * Instance: 
    +-------------------------------------------------+--------------------------------------+---------+----+------+------+-----+
    |                     Instance                    |                Module                | BRAM_18K| DSP|  FF  |  LUT | URAM|
    +-------------------------------------------------+--------------------------------------+---------+----+------+------+-----+
    |grp_softmax_10_Pipeline_1_fu_141                 |softmax_10_Pipeline_1                 |        0|   0|   209|   321|    0|
    |grp_softmax_10_Pipeline_VITIS_LOOP_114_3_fu_158  |softmax_10_Pipeline_VITIS_LOOP_114_3  |        0|   0|   249|    94|    0|
    |grp_softmax_10_Pipeline_VITIS_LOOP_89_1_fu_148   |softmax_10_Pipeline_VITIS_LOOP_89_1   |        0|  26|  1565|  2868|    0|
    +-------------------------------------------------+--------------------------------------+---------+----+------+------+-----+
    |Total                                            |                                      |        0|  26|  2023|  3283|    0|
    +-------------------------------------------------+--------------------------------------+---------+----+------+------+-----+

    * DSP: 
    N/A

    * Memory: 
    N/A

    * FIFO: 
    N/A

    * Expression: 
    N/A

    * Multiplexer: 
    +-----------------------------+----+-----------+-----+-----------+
    |             Name            | LUT| Input Size| Bits| Total Bits|
    +-----------------------------+----+-----------+-----+-----------+
    |agg_result_0_address0        |  14|          3|    4|         12|
    |agg_result_0_address0_local  |  31|          6|    4|         24|
    |agg_result_0_address1        |   9|          2|    4|          8|
    |agg_result_0_address1_local  |  31|          6|    4|         24|
    |agg_result_0_ce0             |  14|          3|    1|          3|
    |agg_result_0_ce1             |   9|          2|    1|          2|
    |agg_result_0_d0              |  14|          3|   64|        192|
    |agg_result_0_we0             |  14|          3|    1|          3|
    |ap_NS_fsm                    |  54|         10|    1|         10|
    |grp_fu_191_ce                |   9|          2|    1|          2|
    |grp_fu_195_ce                |   9|          2|    1|          2|
    |softmax_input_address0       |  14|          3|    4|         12|
    |softmax_input_ce0            |  14|          3|    1|          3|
    |softmax_input_ce1            |   9|          2|    1|          2|
    +-----------------------------+----+-----------+-----+-----------+
    |Total                        | 245|         50|   92|        299|
    +-----------------------------+----+-----------+-----+-----------+

    * Register: 
    +--------------------------------------------------------------+----+----+-----+-----------+
    |                             Name                             | FF | LUT| Bits| Const Bits|
    +--------------------------------------------------------------+----+----+-----+-----------+
    |ap_CS_fsm                                                     |   9|   0|    9|          0|
    |grp_softmax_10_Pipeline_1_fu_141_ap_start_reg                 |   1|   0|    1|          0|
    |grp_softmax_10_Pipeline_VITIS_LOOP_114_3_fu_158_ap_start_reg  |   1|   0|    1|          0|
    |grp_softmax_10_Pipeline_VITIS_LOOP_89_1_fu_148_ap_start_reg   |   1|   0|    1|          0|
    |softmax_input_load_loc_fu_36                                  |  64|   0|   64|          0|
    +--------------------------------------------------------------+----+----+-----+-----------+
    |Total                                                         |  76|   0|   76|          0|
    +--------------------------------------------------------------+----+----+-----+-----------+



================================================================
== Interface
================================================================
* Summary: 
+------------------------+-----+-----+------------+---------------+--------------+
|        RTL Ports       | Dir | Bits|  Protocol  | Source Object |    C Type    |
+------------------------+-----+-----+------------+---------------+--------------+
|ap_clk                  |   in|    1|  ap_ctrl_hs|    softmax<10>|  return value|
|ap_rst                  |   in|    1|  ap_ctrl_hs|    softmax<10>|  return value|
|ap_start                |   in|    1|  ap_ctrl_hs|    softmax<10>|  return value|
|ap_done                 |  out|    1|  ap_ctrl_hs|    softmax<10>|  return value|
|ap_idle                 |  out|    1|  ap_ctrl_hs|    softmax<10>|  return value|
|ap_ready                |  out|    1|  ap_ctrl_hs|    softmax<10>|  return value|
|grp_fu_1099_p_din0      |  out|   64|  ap_ctrl_hs|    softmax<10>|  return value|
|grp_fu_1099_p_din1      |  out|   64|  ap_ctrl_hs|    softmax<10>|  return value|
|grp_fu_1099_p_opcode    |  out|    5|  ap_ctrl_hs|    softmax<10>|  return value|
|grp_fu_1099_p_dout0     |   in|    1|  ap_ctrl_hs|    softmax<10>|  return value|
|grp_fu_1099_p_ce        |  out|    1|  ap_ctrl_hs|    softmax<10>|  return value|
|grp_fu_1035_p_din0      |  out|   64|  ap_ctrl_hs|    softmax<10>|  return value|
|grp_fu_1035_p_din1      |  out|   64|  ap_ctrl_hs|    softmax<10>|  return value|
|grp_fu_1035_p_opcode    |  out|    2|  ap_ctrl_hs|    softmax<10>|  return value|
|grp_fu_1035_p_dout0     |   in|   64|  ap_ctrl_hs|    softmax<10>|  return value|
|grp_fu_1035_p_ce        |  out|    1|  ap_ctrl_hs|    softmax<10>|  return value|
|agg_result_0_address0   |  out|    4|   ap_memory|   agg_result_0|         array|
|agg_result_0_ce0        |  out|    1|   ap_memory|   agg_result_0|         array|
|agg_result_0_we0        |  out|    1|   ap_memory|   agg_result_0|         array|
|agg_result_0_d0         |  out|   64|   ap_memory|   agg_result_0|         array|
|agg_result_0_address1   |  out|    4|   ap_memory|   agg_result_0|         array|
|agg_result_0_ce1        |  out|    1|   ap_memory|   agg_result_0|         array|
|agg_result_0_we1        |  out|    1|   ap_memory|   agg_result_0|         array|
|agg_result_0_d1         |  out|   64|   ap_memory|   agg_result_0|         array|
|agg_result_0_q1         |   in|   64|   ap_memory|   agg_result_0|         array|
|softmax_input_address0  |  out|    4|   ap_memory|  softmax_input|         array|
|softmax_input_ce0       |  out|    1|   ap_memory|  softmax_input|         array|
|softmax_input_q0        |   in|   64|   ap_memory|  softmax_input|         array|
|softmax_input_address1  |  out|    4|   ap_memory|  softmax_input|         array|
|softmax_input_ce1       |  out|    1|   ap_memory|  softmax_input|         array|
|softmax_input_q1        |   in|   64|   ap_memory|  softmax_input|         array|
+------------------------+-----+-----+------------+---------------+--------------+

